{
  "description": "Sample event envelope for testing and demonstration",
  "world_id": "550e8400-e29b-41d4-a716-446655440000",
  "branch": "main",
  "kind": "demo.sample_event",
  "payload": {
    "message": "Hello, MNX! This is a sample event for testing.",
    "timestamp": "2023-01-15T10:30:00.000Z",
    "sample_data": {
      "number": 42,
      "boolean": true,
      "array": ["item1", "item2", "item3"],
      "nested": {
        "key": "value",
        "count": 3
      }
    },
    "tags": ["demo", "sample", "test"],
    "metadata": {
      "source": "documentation",
      "version": "1.0",
      "environment": "development"
    }
  },
  "by": {
    "agent": "demo-client",
    "context": "Sample event for testing idempotency and 409 handling"
  },
  "occurred_at": "2023-01-15T10:30:00.000Z",
  "version": 1
}