# Fields:
# name: short id (kebab_case)
# prompt: the user instruction to the MoE controller (concise, no "timelines")
# sources: optional list of URLs (only when web use is expected)
# expect:
#   schema: one of [brief.v1]           # output contract to validate
#   must_contain: [list of strings]     # substrings that must appear in output
#   citations_required: true|false      # require citations block when web used
#   seed: 12345                         # fixed RNG seed for determinism

name: brief_synthesis
prompt: "Synthesize the provided articles into a one-page brief with citations."
sources:
  - "https://example.com/article-1"
  - "https://example.com/article-2"
  - "https://example.com/article-3"
expect:
  schema: brief.v1
  must_contain: ["Summary", "Citations"]
  citations_required: true
  seed: 12345
